
Discarded input sections

 .text          0x0000000000000000        0x0 p2_vtable.o
 .data          0x0000000000000000        0x0 p2_vtable.o
 .bss           0x0000000000000000        0x0 p2_vtable.o
 .data          0x0000000000000000        0x0 io/gpio.o
 .data          0x0000000000000000        0x0 io/io.o
 .bss           0x0000000000000000        0x0 io/io.o
 .text          0x0000000000000000        0x0 io/analog.o
 .data          0x0000000000000000       0x24 io/analog.o
 .bss           0x0000000000000000        0x0 io/analog.o
 .debug_info    0x0000000000000000      0x12c io/analog.o
 .debug_abbrev  0x0000000000000000       0x52 io/analog.o
 .debug_aranges
                0x0000000000000000       0x18 io/analog.o
 .debug_line    0x0000000000000000       0x83 io/analog.o
 .debug_str     0x0000000000000000      0x169 io/analog.o
 .comment       0x0000000000000000       0x32 io/analog.o
 .ARM.attributes
                0x0000000000000000       0x33 io/analog.o
 .text          0x0000000000000000       0x60 timer/timer_src.o
 .data          0x0000000000000000        0x0 timer/timer_src.o
 .bss           0x0000000000000000        0x8 timer/timer_src.o
 .rodata        0x0000000000000000        0xc timer/timer_src.o
 .debug_info    0x0000000000000000      0x167 timer/timer_src.o
 .debug_abbrev  0x0000000000000000       0x9f timer/timer_src.o
 .debug_aranges
                0x0000000000000000       0x20 timer/timer_src.o
 .debug_line    0x0000000000000000       0xb0 timer/timer_src.o
 .debug_str     0x0000000000000000      0x1b7 timer/timer_src.o
 .comment       0x0000000000000000       0x32 timer/timer_src.o
 .debug_frame   0x0000000000000000       0xa0 timer/timer_src.o
 .ARM.attributes
                0x0000000000000000       0x33 timer/timer_src.o
 .text          0x0000000000000000      0x7d4 timer/timer_speed.o
 .data          0x0000000000000000        0x0 timer/timer_speed.o
 .bss           0x0000000000000000        0x1 timer/timer_speed.o
 .rodata        0x0000000000000000        0xc timer/timer_speed.o
 .debug_info    0x0000000000000000      0x792 timer/timer_speed.o
 .debug_abbrev  0x0000000000000000      0x1bf timer/timer_speed.o
 .debug_aranges
                0x0000000000000000       0x20 timer/timer_speed.o
 .debug_ranges  0x0000000000000000       0x48 timer/timer_speed.o
 .debug_line    0x0000000000000000      0x16a timer/timer_speed.o
 .debug_str     0x0000000000000000      0x30e timer/timer_speed.o
 .comment       0x0000000000000000       0x32 timer/timer_speed.o
 .debug_frame   0x0000000000000000      0x20c timer/timer_speed.o
 .ARM.attributes
                0x0000000000000000       0x33 timer/timer_speed.o
 .data          0x0000000000000000        0x0 timer/timer_enable.o
 .bss           0x0000000000000000        0x0 timer/timer_enable.o
 .rodata        0x0000000000000000        0x4 timer/timer_enable.o
 .data          0x0000000000000000        0x0 math/rand.o
 .data          0x0000000000000000        0x0 math/algebra.o
 .bss           0x0000000000000000        0x0 math/algebra.o
 .data          0x0000000000000000        0x0 setup.o
 .bss           0x0000000000000000        0x0 setup.o
 .data          0x0000000000000000        0x0 main.o
 .bss           0x0000000000000000        0x0 main.o
 .text          0x0000000000000000        0x0 data_structures/linkedList.o
 .data          0x0000000000000000        0x0 data_structures/linkedList.o
 .bss           0x0000000000000000        0x0 data_structures/linkedList.o
 .debug_info    0x0000000000000000       0x64 data_structures/linkedList.o
 .debug_abbrev  0x0000000000000000       0x26 data_structures/linkedList.o
 .debug_aranges
                0x0000000000000000       0x18 data_structures/linkedList.o
 .debug_line    0x0000000000000000       0x1d data_structures/linkedList.o
 .debug_str     0x0000000000000000      0x10e data_structures/linkedList.o
 .comment       0x0000000000000000       0x32 data_structures/linkedList.o
 .ARM.attributes
                0x0000000000000000       0x33 data_structures/linkedList.o

Memory Configuration

Name             Origin             Length             Attributes
FLASH            0x0000000008000000 0x0000000000080000 xr
RAM              0x0000000020000000 0x0000000000018000 xrw
*default*        0x0000000000000000 0xffffffffffffffff

Linker script and memory map

LOAD p2_vtable.o
LOAD io/gpio.o
LOAD io/io.o
LOAD io/analog.o
LOAD timer/timer_pre.o
LOAD timer/timer_src.o
LOAD timer/timer_speed.o
LOAD timer/timer_enable.o
LOAD math/rand.o
LOAD math/algebra.o
LOAD setup.o
LOAD main.o
LOAD data_structures/linkedList.o
                0x0000000020017fff                _estack = 0x20017fff
                0x0000000000000400                _Min_Leftover_RAM = 0x400

.vector_table   0x0000000008000000      0x158
                0x0000000008000000                . = ALIGN (0x4)
 *(.vector_table)
 .vector_table  0x0000000008000000      0x158 p2_vtable.o
                0x0000000008000000                vtable
                0x0000000008000158                . = ALIGN (0x4)

.preinit_array  0x0000000008000158        0x0
                0x0000000008000158                . = ALIGN (0x4)
                0x0000000008000158                _spreinit_array = .
 *(.preinit_array)
 *(.preinit_array*)
                0x0000000008000158                _epreinit_array = .
                0x0000000008000158                . = ALIGN (0x4)

.init_array     0x0000000008000158        0x4
                0x0000000008000158                . = ALIGN (0x4)
                0x0000000008000158                _sinit_array = .
 *(.init_array)
 .init_array    0x0000000008000158        0x4 timer/timer_pre.o
 *(.init_array*)
                0x000000000800015c                _einit_array = .
                0x000000000800015c                . = ALIGN (0x4)

.fini_array     0x000000000800015c        0x0
                0x000000000800015c                . = ALIGN (0x4)
                0x000000000800015c                _sfini_array = .
 *(.fini_array)
 *(.fini_array*)
                0x000000000800015c                _efini_array = .
                0x000000000800015c                . = ALIGN (0x4)

.text           0x000000000800015c      0xf7c
                0x000000000800015c                . = ALIGN (0x4)
 *(.text)
 .text          0x000000000800015c      0x230 io/gpio.o
                0x000000000800015c                GPIO::GPIO(GPIO_Addr, GPIO_Pin)
                0x000000000800015c                GPIO::GPIO(GPIO_Addr, GPIO_Pin)
                0x00000000080001f0                GPIO::~GPIO()
                0x00000000080001f0                GPIO::~GPIO()
                0x000000000800029c                GPIO::Configure_MODER(MODER_vals)
                0x00000000080002c4                GPIO::Configure_OTYPER(OTYPER_vals)
                0x00000000080002ea                GPIO::Configure_OSPEEDR(OSPEEDR_vals)
                0x0000000008000312                GPIO::Configure_PUPDR(PUPDR_vals)
                0x000000000800033a                GPIO::Configure_ODR(STATE)
                0x0000000008000360                GPIO::Sample_IDR()
 .text          0x000000000800038c       0xaa io/io.o
                0x000000000800038c                out(unsigned long volatile*, unsigned long, unsigned long, unsigned long)
                0x00000000080003ce                clear(unsigned long volatile*, unsigned long, unsigned long)
                0x0000000008000408                in(unsigned long const volatile*, unsigned long, unsigned long)
 *fill*         0x0000000008000436        0x2 
 .text          0x0000000008000438      0x360 timer/timer_pre.o
                0x0000000008000438                Sample_Prescalar(unsigned long (pre::*)() const)
                0x0000000008000464                Configure_Prescalar(void (pre::*)(unsigned long) const, unsigned long)
                0x0000000008000494                pre::PLLN() const
                0x00000000080004b8                pre::PLLP() const
                0x00000000080004e4                pre::PLLM() const
                0x0000000008000508                pre::AHB1() const
                0x0000000008000544                pre::APB1() const
                0x0000000008000570                pre::APB2() const
                0x000000000800059c                pre::ADC1() const
                0x00000000080005c4                pre::PLLN(unsigned long) const
                0x00000000080005e8                pre::PLLP(unsigned long) const
                0x0000000008000628                pre::PLLM(unsigned long) const
                0x000000000800064c                pre::AHB1(unsigned long) const
                0x000000000800069c                pre::APB1(unsigned long) const
                0x00000000080006e0                pre::APB2(unsigned long) const
                0x0000000008000720                pre::ADC1(unsigned long) const
 .text          0x0000000008000798       0x68 timer/timer_enable.o
                0x0000000008000798                enable_timer(GPIO_Addr)
                0x00000000080007cc                disable_timer(GPIO_Addr)
 .text          0x0000000008000800       0x68 math/rand.o
                0x0000000008000800                seed(unsigned long)
                0x0000000008000828                sudo_randomUint32()
 .text          0x0000000008000868       0x40 math/algebra.o
                0x0000000008000890                log_2(unsigned long)
 .text          0x00000000080008a8       0xbc setup.o
                0x00000000080008a8                reset_handler
 .text          0x0000000008000964      0x770 main.o
                0x0000000008000964                sleep(unsigned long)
                0x0000000008000994                main
 *(.text*)
 .text.default_interrupt_handler
                0x00000000080010d4        0x2 p2_vtable.o
                0x00000000080010d4                PVD_IRQ_handler
                0x00000000080010d4                DMA1_S0_IRQ_handler
                0x00000000080010d4                DMA2_S0_IRQ_handler
                0x00000000080010d4                usage_handler
                0x00000000080010d4                DMA2_S5_IRQ_handler
                0x00000000080010d4                NMI_handler
                0x00000000080010d4                I2C3_EV_IRQ_handler
                0x00000000080010d4                pending_SV_handler
                0x00000000080010d4                USART1_IRQ_handler
                0x00000000080010d4                TIM1_CC_IRQ_handler
                0x00000000080010d4                DMA2_S1_IRQ_handler
                0x00000000080010d4                default_interrupt_handler
                0x00000000080010d4                DMA1_S5_IRQ_handler
                0x00000000080010d4                SPI1_IRQ_handler
                0x00000000080010d4                DMA2_S4_IRQ_handler
                0x00000000080010d4                I2C3_ER_IRQ_handler
                0x00000000080010d4                OTG_IRQ_handler
                0x00000000080010d4                TIM3_IRQ_handler
                0x00000000080010d4                RTC_Alarm_IRQ_handler
                0x00000000080010d4                RTC_IRQ_handler
                0x00000000080010d4                I2C1_EV_IRQ_handler
                0x00000000080010d4                DMA1_S2_IRQ_handler
                0x00000000080010d4                EXTI4_IRQ_handler
                0x00000000080010d4                ADC_IRQ_handler
                0x00000000080010d4                MMF_handler
                0x00000000080010d4                DMA1_S7_IRQ_handler
                0x00000000080010d4                EXTI1_IRQ_handler
                0x00000000080010d4                SVC_handler
                0x00000000080010d4                SYSTick_handler
                0x00000000080010d4                TIM5_IRQ_handler
                0x00000000080010d4                DMA2_S6_IRQ_handler
                0x00000000080010d4                TAMP_IRQ_handler
                0x00000000080010d4                TIM2_IRQ_handler
                0x00000000080010d4                DMA2_S3_IRQ_handler
                0x00000000080010d4                USART6_IRQ_handler
                0x00000000080010d4                hard_handler
                0x00000000080010d4                TIM1_UP_IRQ_handler
                0x00000000080010d4                DMA2_S2_IRQ_handler
                0x00000000080010d4                DMA1_S6_IRQ_handler
                0x00000000080010d4                FPU_IRQ_handler
                0x00000000080010d4                I2C1_ER_IRQ_handler
                0x00000000080010d4                EXTI2_IRQ_handler
                0x00000000080010d4                EXTI3_IRQ_handler
                0x00000000080010d4                DMA1_S3_IRQ_handler
                0x00000000080010d4                RCC_IRQ_handler
                0x00000000080010d4                DMA1_S1_IRQ_handler
                0x00000000080010d4                SPI2_IRQ_handler
                0x00000000080010d4                DMA1_S4_IRQ_handler
                0x00000000080010d4                EXTI15_IRQ_handler
                0x00000000080010d4                EXTI0_IRQ_handler
                0x00000000080010d4                DMA2_S7_IRQ_handler
                0x00000000080010d4                bus_handler
                0x00000000080010d4                USART2_IRQ_handler
                0x00000000080010d4                TIM1_BR_IRQ_handler
                0x00000000080010d4                SPI3_IRQ_handler
                0x00000000080010d4                SDIO_IRQ_handler
                0x00000000080010d4                TIM1_TC_IRQ_handler
                0x00000000080010d4                OTG_WKUP_IRQ_handler
                0x00000000080010d4                flash_IRQ_handler
                0x00000000080010d4                SPI4_IRQ_handler
                0x00000000080010d8                . = ALIGN (0x4)
 *fill*         0x00000000080010d6        0x2 

.glue_7         0x00000000080010d8        0x0
 .glue_7        0x00000000080010d8        0x0 linker stubs

.glue_7t        0x00000000080010d8        0x0
 .glue_7t       0x00000000080010d8        0x0 linker stubs

.vfp11_veneer   0x00000000080010d8        0x0
 .vfp11_veneer  0x00000000080010d8        0x0 linker stubs

.v4_bx          0x00000000080010d8        0x0
 .v4_bx         0x00000000080010d8        0x0 linker stubs

.iplt           0x00000000080010d8        0x0
 .iplt          0x00000000080010d8        0x0 p2_vtable.o

.rel.dyn        0x00000000080010d8        0x0
 .rel.iplt      0x00000000080010d8        0x0 p2_vtable.o

.rodata         0x00000000080010d8        0x0
                0x00000000080010d8                . = ALIGN (0x4)
 *(.rodata)
 *(.rodata*)
                0x00000000080010d8                . = ALIGN (0x4)
                0x00000000080010d8                _sidata = .

.data           0x0000000020000000        0xc load address 0x00000000080010d8
                0x0000000020000000                . = ALIGN (0x4)
                0x0000000020000000                _sdata = .
 *(.data)
 .data          0x0000000020000000        0xc timer/timer_pre.o
 *(.data*)
                0x000000002000000c                _edata = .
                0x000000002000000c                . = ALIGN (0x4)

.igot.plt       0x000000002000000c        0x0 load address 0x00000000080010e4
 .igot.plt      0x000000002000000c        0x0 p2_vtable.o

.bss            0x000000002000000c       0x24 load address 0x00000000080010e4
                0x000000002000000c                . = ALIGN (0x4)
                0x000000002000000c                _sbss = .
 *(.bss)
 .bss           0x000000002000000c       0x14 io/gpio.o
                0x000000002000000c                GPIO::counts
 .bss           0x0000000020000020        0x8 timer/timer_pre.o
 .bss           0x0000000020000028        0x5 math/rand.o
 *(.bss*)
 *(COMMON)
                0x0000000020000030                . = ALIGN (0x4)
 *fill*         0x000000002000002d        0x3 
                0x0000000020000030                _ebss = .

.dynamic_allocations
                0x0000000020000030      0x400 load address 0x0000000008001108
                0x0000000020000030                . = ALIGN (0x4)
                0x0000000020000030                _ssystem_ram = .
                0x0000000020000430                . = (. + _Min_Leftover_RAM)
 *fill*         0x0000000020000030      0x400 
                0x0000000020000430                . = ALIGN (0x4)
                0x0000000020000430                _esystem_ram = .
OUTPUT(main.elf elf32-littlearm)

.ARM.attributes
                0x0000000000000000       0x2f
 .ARM.attributes
                0x0000000000000000       0x21 p2_vtable.o
 .ARM.attributes
                0x0000000000000021       0x33 io/gpio.o
 .ARM.attributes
                0x0000000000000054       0x33 io/io.o
 .ARM.attributes
                0x0000000000000087       0x33 timer/timer_pre.o
 .ARM.attributes
                0x00000000000000ba       0x33 timer/timer_enable.o
 .ARM.attributes
                0x00000000000000ed       0x33 math/rand.o
 .ARM.attributes
                0x0000000000000120       0x33 math/algebra.o
 .ARM.attributes
                0x0000000000000153       0x33 setup.o
 .ARM.attributes
                0x0000000000000186       0x33 main.o

.comment        0x0000000000000000       0x31
 .comment       0x0000000000000000       0x31 io/gpio.o
                                         0x32 (size before relaxing)
 .comment       0x0000000000000031       0x32 io/io.o
 .comment       0x0000000000000031       0x32 timer/timer_pre.o
 .comment       0x0000000000000031       0x32 timer/timer_enable.o
 .comment       0x0000000000000031       0x32 math/rand.o
 .comment       0x0000000000000031       0x32 math/algebra.o
 .comment       0x0000000000000031       0x32 setup.o
 .comment       0x0000000000000031       0x32 main.o

.debug_info     0x0000000000000000     0x1871
 .debug_info    0x0000000000000000      0x651 io/gpio.o
 .debug_info    0x0000000000000651      0x19c io/io.o
 .debug_info    0x00000000000007ed      0x67d timer/timer_pre.o
 .debug_info    0x0000000000000e6a      0x12f timer/timer_enable.o
 .debug_info    0x0000000000000f99       0xe5 math/rand.o
 .debug_info    0x000000000000107e       0xd2 math/algebra.o
 .debug_info    0x0000000000001150      0x194 setup.o
 .debug_info    0x00000000000012e4      0x58d main.o

.debug_abbrev   0x0000000000000000      0x885
 .debug_abbrev  0x0000000000000000      0x219 io/gpio.o
 .debug_abbrev  0x0000000000000219       0xba io/io.o
 .debug_abbrev  0x00000000000002d3      0x192 timer/timer_pre.o
 .debug_abbrev  0x0000000000000465       0xb1 timer/timer_enable.o
 .debug_abbrev  0x0000000000000516       0x96 math/rand.o
 .debug_abbrev  0x00000000000005ac       0x78 math/algebra.o
 .debug_abbrev  0x0000000000000624       0xb0 setup.o
 .debug_abbrev  0x00000000000006d4      0x1b1 main.o

.debug_aranges  0x0000000000000000      0x100
 .debug_aranges
                0x0000000000000000       0x20 io/gpio.o
 .debug_aranges
                0x0000000000000020       0x20 io/io.o
 .debug_aranges
                0x0000000000000040       0x20 timer/timer_pre.o
 .debug_aranges
                0x0000000000000060       0x20 timer/timer_enable.o
 .debug_aranges
                0x0000000000000080       0x20 math/rand.o
 .debug_aranges
                0x00000000000000a0       0x20 math/algebra.o
 .debug_aranges
                0x00000000000000c0       0x20 setup.o
 .debug_aranges
                0x00000000000000e0       0x20 main.o

.debug_line     0x0000000000000000      0x7d0
 .debug_line    0x0000000000000000       0xd7 io/gpio.o
 .debug_line    0x00000000000000d7       0x99 io/io.o
 .debug_line    0x0000000000000170      0x102 timer/timer_pre.o
 .debug_line    0x0000000000000272       0xb3 timer/timer_enable.o
 .debug_line    0x0000000000000325       0x99 math/rand.o
 .debug_line    0x00000000000003be       0xa8 math/algebra.o
 .debug_line    0x0000000000000466       0xd9 setup.o
 .debug_line    0x000000000000053f      0x291 main.o

.debug_str      0x0000000000000000      0x78e
 .debug_str     0x0000000000000000      0x342 io/gpio.o
                                        0x445 (size before relaxing)
 .debug_str     0x0000000000000342       0x42 io/io.o
                                        0x154 (size before relaxing)
 .debug_str     0x0000000000000384      0x215 timer/timer_pre.o
                                        0x341 (size before relaxing)
 .debug_str     0x0000000000000599       0x72 timer/timer_enable.o
                                        0x1a8 (size before relaxing)
 .debug_str     0x000000000000060b       0x4c math/rand.o
                                        0x154 (size before relaxing)
 .debug_str     0x0000000000000657       0x2c math/algebra.o
                                        0x135 (size before relaxing)
 .debug_str     0x0000000000000683       0x83 setup.o
                                        0x17a (size before relaxing)
 .debug_str     0x0000000000000706       0x88 main.o
                                        0x46f (size before relaxing)

.debug_frame    0x0000000000000000      0x5f0
 .debug_frame   0x0000000000000000      0x130 io/gpio.o
 .debug_frame   0x0000000000000130       0x84 io/io.o
 .debug_frame   0x00000000000001b4      0x298 timer/timer_pre.o
 .debug_frame   0x000000000000044c       0x58 timer/timer_enable.o
 .debug_frame   0x00000000000004a4       0x58 math/rand.o
 .debug_frame   0x00000000000004fc       0x58 math/algebra.o
 .debug_frame   0x0000000000000554       0x34 setup.o
 .debug_frame   0x0000000000000588       0x68 main.o

.debug_ranges   0x0000000000000000       0x30
 .debug_ranges  0x0000000000000000       0x30 main.o
