Archive member included to satisfy reference by file (symbol)

/usr/lib/gcc/arm-none-eabi/6.3.1/thumb/v7e-m/libgcc.a(_arm_addsubdf3.o)
                              timer/timer_pre.o (__aeabi_dsub)
/usr/lib/gcc/arm-none-eabi/6.3.1/thumb/v7e-m/libgcc.a(_arm_muldivdf3.o)
                              timer/timer_pre.o (__aeabi_ddiv)
/usr/lib/gcc/arm-none-eabi/6.3.1/thumb/v7e-m/libgcc.a(_arm_cmpdf2.o)
                              math/algebra.o (__aeabi_dcmpgt)
/usr/lib/gcc/arm-none-eabi/6.3.1/thumb/v7e-m/libgcc.a(_arm_fixunsdfsi.o)
                              timer/timer_pre.o (__aeabi_d2uiz)

Discarded input sections

 .text          0x0000000000000000        0x0 p2_vtable.o
 .data          0x0000000000000000        0x0 p2_vtable.o
 .bss           0x0000000000000000        0x0 p2_vtable.o
 .data          0x0000000000000000        0x0 io/gpio.o
 .data          0x0000000000000000        0x0 io/io.o
 .bss           0x0000000000000000        0x0 io/io.o
 .text          0x0000000000000000        0x0 io/analog.o
 .data          0x0000000000000000       0x28 io/analog.o
 .bss           0x0000000000000000        0x0 io/analog.o
 .debug_info    0x0000000000000000      0x13d io/analog.o
 .debug_abbrev  0x0000000000000000       0x52 io/analog.o
 .debug_aranges
                0x0000000000000000       0x18 io/analog.o
 .debug_line    0x0000000000000000       0x83 io/analog.o
 .debug_str     0x0000000000000000      0x172 io/analog.o
 .comment       0x0000000000000000       0x32 io/analog.o
 .ARM.attributes
                0x0000000000000000       0x33 io/analog.o
 .text          0x0000000000000000       0x60 timer/timer_src.o
 .data          0x0000000000000000        0x0 timer/timer_src.o
 .bss           0x0000000000000000        0x8 timer/timer_src.o
 .rodata        0x0000000000000000        0xc timer/timer_src.o
 .debug_info    0x0000000000000000      0x167 timer/timer_src.o
 .debug_abbrev  0x0000000000000000       0x9f timer/timer_src.o
 .debug_aranges
                0x0000000000000000       0x20 timer/timer_src.o
 .debug_line    0x0000000000000000       0xb0 timer/timer_src.o
 .debug_str     0x0000000000000000      0x1b7 timer/timer_src.o
 .comment       0x0000000000000000       0x32 timer/timer_src.o
 .debug_frame   0x0000000000000000       0xa0 timer/timer_src.o
 .ARM.attributes
                0x0000000000000000       0x33 timer/timer_src.o
 .text          0x0000000000000000      0x7d4 timer/timer_speed.o
 .data          0x0000000000000000        0x0 timer/timer_speed.o
 .bss           0x0000000000000000        0x1 timer/timer_speed.o
 .rodata        0x0000000000000000        0xc timer/timer_speed.o
 .debug_info    0x0000000000000000      0x792 timer/timer_speed.o
 .debug_abbrev  0x0000000000000000      0x1bf timer/timer_speed.o
 .debug_aranges
                0x0000000000000000       0x20 timer/timer_speed.o
 .debug_ranges  0x0000000000000000       0x48 timer/timer_speed.o
 .debug_line    0x0000000000000000      0x16a timer/timer_speed.o
 .debug_str     0x0000000000000000      0x30e timer/timer_speed.o
 .comment       0x0000000000000000       0x32 timer/timer_speed.o
 .debug_frame   0x0000000000000000      0x20c timer/timer_speed.o
 .ARM.attributes
                0x0000000000000000       0x33 timer/timer_speed.o
 .data          0x0000000000000000        0x0 timer/timer_enable.o
 .bss           0x0000000000000000        0x0 timer/timer_enable.o
 .rodata        0x0000000000000000        0x4 timer/timer_enable.o
 .data          0x0000000000000000        0x0 math/rand.o
 .data          0x0000000000000000        0x0 math/algebra.o
 .bss           0x0000000000000000        0x0 math/algebra.o
 .data          0x0000000000000000        0x0 setup.o
 .bss           0x0000000000000000        0x0 setup.o
 .data          0x0000000000000000        0x0 main.o
 .bss           0x0000000000000000        0x0 main.o
 .text          0x0000000000000000        0x0 data_structures/linkedList.o
 .data          0x0000000000000000        0x0 data_structures/linkedList.o
 .bss           0x0000000000000000        0x0 data_structures/linkedList.o
 .debug_info    0x0000000000000000       0x64 data_structures/linkedList.o
 .debug_abbrev  0x0000000000000000       0x26 data_structures/linkedList.o
 .debug_aranges
                0x0000000000000000       0x18 data_structures/linkedList.o
 .debug_line    0x0000000000000000       0x1d data_structures/linkedList.o
 .debug_str     0x0000000000000000      0x10e data_structures/linkedList.o
 .comment       0x0000000000000000       0x32 data_structures/linkedList.o
 .ARM.attributes
                0x0000000000000000       0x33 data_structures/linkedList.o
 .data          0x0000000000000000        0x0 /usr/lib/gcc/arm-none-eabi/6.3.1/thumb/v7e-m/libgcc.a(_arm_addsubdf3.o)
 .bss           0x0000000000000000        0x0 /usr/lib/gcc/arm-none-eabi/6.3.1/thumb/v7e-m/libgcc.a(_arm_addsubdf3.o)
 .data          0x0000000000000000        0x0 /usr/lib/gcc/arm-none-eabi/6.3.1/thumb/v7e-m/libgcc.a(_arm_muldivdf3.o)
 .bss           0x0000000000000000        0x0 /usr/lib/gcc/arm-none-eabi/6.3.1/thumb/v7e-m/libgcc.a(_arm_muldivdf3.o)
 .data          0x0000000000000000        0x0 /usr/lib/gcc/arm-none-eabi/6.3.1/thumb/v7e-m/libgcc.a(_arm_cmpdf2.o)
 .bss           0x0000000000000000        0x0 /usr/lib/gcc/arm-none-eabi/6.3.1/thumb/v7e-m/libgcc.a(_arm_cmpdf2.o)
 .data          0x0000000000000000        0x0 /usr/lib/gcc/arm-none-eabi/6.3.1/thumb/v7e-m/libgcc.a(_arm_fixunsdfsi.o)
 .bss           0x0000000000000000        0x0 /usr/lib/gcc/arm-none-eabi/6.3.1/thumb/v7e-m/libgcc.a(_arm_fixunsdfsi.o)

Memory Configuration

Name             Origin             Length             Attributes
FLASH            0x0000000008000000 0x0000000000080000 xr
RAM              0x0000000020000000 0x0000000000018000 xrw
*default*        0x0000000000000000 0xffffffffffffffff

Linker script and memory map

LOAD p2_vtable.o
LOAD io/gpio.o
LOAD io/io.o
LOAD io/analog.o
LOAD timer/timer_pre.o
LOAD timer/timer_src.o
LOAD timer/timer_speed.o
LOAD timer/timer_enable.o
LOAD math/rand.o
LOAD math/algebra.o
LOAD setup.o
LOAD main.o
LOAD data_structures/linkedList.o
LOAD /usr/lib/gcc/arm-none-eabi/6.3.1/thumb/v7e-m/libgcc.a
                0x0000000020017fff                _estack = 0x20017fff
                0x0000000000000400                _Min_Leftover_RAM = 0x400

.vector_table   0x0000000008000000      0x158
                0x0000000008000000                . = ALIGN (0x4)
 *(.vector_table)
 .vector_table  0x0000000008000000      0x158 p2_vtable.o
                0x0000000008000000                vtable
                0x0000000008000158                . = ALIGN (0x4)

.preinit_array  0x0000000008000158        0x0
                0x0000000008000158                . = ALIGN (0x4)
                0x0000000008000158                _spreinit_array = .
 *(.preinit_array)
 *(.preinit_array*)
                0x0000000008000158                _epreinit_array = .
                0x0000000008000158                . = ALIGN (0x4)

.init_array     0x0000000008000158        0x4
                0x0000000008000158                . = ALIGN (0x4)
                0x0000000008000158                _sinit_array = .
 *(.init_array)
 .init_array    0x0000000008000158        0x4 timer/timer_pre.o
 *(.init_array*)
                0x000000000800015c                _einit_array = .
                0x000000000800015c                . = ALIGN (0x4)

.fini_array     0x000000000800015c        0x0
                0x000000000800015c                . = ALIGN (0x4)
                0x000000000800015c                _sfini_array = .
 *(.fini_array)
 *(.fini_array*)
                0x000000000800015c                _efini_array = .
                0x000000000800015c                . = ALIGN (0x4)

.text           0x000000000800015c     0x1968
                0x000000000800015c                . = ALIGN (0x4)
 *(.text)
 .text          0x000000000800015c      0x230 io/gpio.o
                0x000000000800015c                GPIO::GPIO(GPIO_Addr, GPIO_Pin)
                0x000000000800015c                GPIO::GPIO(GPIO_Addr, GPIO_Pin)
                0x00000000080001f0                GPIO::~GPIO()
                0x00000000080001f0                GPIO::~GPIO()
                0x000000000800029c                GPIO::Configure_MODER(MODER_vals)
                0x00000000080002c4                GPIO::Configure_OTYPER(OTYPER_vals)
                0x00000000080002ea                GPIO::Configure_OSPEEDR(OSPEEDR_vals)
                0x0000000008000312                GPIO::Configure_PUPDR(PUPDR_vals)
                0x000000000800033a                GPIO::Configure_ODR(STATE)
                0x0000000008000360                GPIO::Sample_IDR()
 .text          0x000000000800038c       0xaa io/io.o
                0x000000000800038c                out(unsigned long volatile*, unsigned long, unsigned long, unsigned long)
                0x00000000080003ce                clear(unsigned long volatile*, unsigned long, unsigned long)
                0x0000000008000408                in(unsigned long const volatile*, unsigned long, unsigned long)
 *fill*         0x0000000008000436        0x2 
 .text          0x0000000008000438      0x42c timer/timer_pre.o
                0x0000000008000438                Sample_Prescalar(unsigned long (pre::*)() const)
                0x0000000008000464                Configure_Prescalar(void (pre::*)(unsigned long) const, unsigned long)
                0x0000000008000494                pre::PLLN() const
                0x00000000080004b8                pre::PLLP() const
                0x00000000080004e4                pre::PLLM() const
                0x0000000008000508                pre::AHB1() const
                0x0000000008000544                pre::APB1() const
                0x0000000008000570                pre::APB2() const
                0x000000000800059c                pre::ADC1() const
                0x00000000080005c4                pre::PLLN(unsigned long) const
                0x00000000080005e8                pre::PLLP(unsigned long) const
                0x0000000008000658                pre::PLLM(unsigned long) const
                0x000000000800067c                pre::AHB1(unsigned long) const
                0x0000000008000708                pre::APB1(unsigned long) const
                0x0000000008000788                pre::APB2(unsigned long) const
                0x00000000080007e4                pre::ADC1(unsigned long) const
 .text          0x0000000008000864       0x68 timer/timer_enable.o
                0x0000000008000864                enable_timer(GPIO_Addr)
                0x0000000008000898                disable_timer(GPIO_Addr)
 .text          0x00000000080008cc       0x68 math/rand.o
                0x00000000080008cc                seed(unsigned long)
                0x00000000080008f4                sudo_randomUint32()
 .text          0x0000000008000934       0x80 math/algebra.o
                0x0000000008000994                log_2(double)
 .text          0x00000000080009b4       0xbc setup.o
                0x00000000080009b4                reset_handler
 .text          0x0000000008000a70      0x76c main.o
                0x0000000008000a70                sleep(unsigned long)
                0x0000000008000aa0                main
 .text          0x00000000080011dc      0x370 /usr/lib/gcc/arm-none-eabi/6.3.1/thumb/v7e-m/libgcc.a(_arm_addsubdf3.o)
                0x00000000080011dc                __aeabi_drsub
                0x00000000080011e4                __aeabi_dsub
                0x00000000080011e4                __subdf3
                0x00000000080011e8                __adddf3
                0x00000000080011e8                __aeabi_dadd
                0x0000000008001460                __aeabi_ui2d
                0x0000000008001460                __floatunsidf
                0x0000000008001480                __floatsidf
                0x0000000008001480                __aeabi_i2d
                0x00000000080014a4                __extendsfdf2
                0x00000000080014a4                __aeabi_f2d
                0x00000000080014e0                __aeabi_ul2d
                0x00000000080014e0                __floatundidf
                0x00000000080014f0                __floatdidf
                0x00000000080014f0                __aeabi_l2d
 .text          0x000000000800154c      0x424 /usr/lib/gcc/arm-none-eabi/6.3.1/thumb/v7e-m/libgcc.a(_arm_muldivdf3.o)
                0x000000000800154c                __aeabi_dmul
                0x000000000800154c                __muldf3
                0x00000000080017a0                __aeabi_ddiv
                0x00000000080017a0                __divdf3
 .text          0x0000000008001970      0x110 /usr/lib/gcc/arm-none-eabi/6.3.1/thumb/v7e-m/libgcc.a(_arm_cmpdf2.o)
                0x0000000008001970                __gtdf2
                0x0000000008001970                __gedf2
                0x0000000008001978                __ltdf2
                0x0000000008001978                __ledf2
                0x0000000008001980                __cmpdf2
                0x0000000008001980                __eqdf2
                0x0000000008001980                __nedf2
                0x00000000080019fc                __aeabi_cdrcmple
                0x0000000008001a0c                __aeabi_cdcmple
                0x0000000008001a0c                __aeabi_cdcmpeq
                0x0000000008001a1c                __aeabi_dcmpeq
                0x0000000008001a30                __aeabi_dcmplt
                0x0000000008001a44                __aeabi_dcmple
                0x0000000008001a58                __aeabi_dcmpge
                0x0000000008001a6c                __aeabi_dcmpgt
 .text          0x0000000008001a80       0x40 /usr/lib/gcc/arm-none-eabi/6.3.1/thumb/v7e-m/libgcc.a(_arm_fixunsdfsi.o)
                0x0000000008001a80                __fixunsdfsi
                0x0000000008001a80                __aeabi_d2uiz
 *(.text*)
 .text.default_interrupt_handler
                0x0000000008001ac0        0x2 p2_vtable.o
                0x0000000008001ac0                PVD_IRQ_handler
                0x0000000008001ac0                DMA1_S0_IRQ_handler
                0x0000000008001ac0                DMA2_S0_IRQ_handler
                0x0000000008001ac0                usage_handler
                0x0000000008001ac0                DMA2_S5_IRQ_handler
                0x0000000008001ac0                NMI_handler
                0x0000000008001ac0                I2C3_EV_IRQ_handler
                0x0000000008001ac0                pending_SV_handler
                0x0000000008001ac0                USART1_IRQ_handler
                0x0000000008001ac0                TIM1_CC_IRQ_handler
                0x0000000008001ac0                DMA2_S1_IRQ_handler
                0x0000000008001ac0                default_interrupt_handler
                0x0000000008001ac0                DMA1_S5_IRQ_handler
                0x0000000008001ac0                SPI1_IRQ_handler
                0x0000000008001ac0                DMA2_S4_IRQ_handler
                0x0000000008001ac0                I2C3_ER_IRQ_handler
                0x0000000008001ac0                OTG_IRQ_handler
                0x0000000008001ac0                TIM3_IRQ_handler
                0x0000000008001ac0                RTC_Alarm_IRQ_handler
                0x0000000008001ac0                RTC_IRQ_handler
                0x0000000008001ac0                I2C1_EV_IRQ_handler
                0x0000000008001ac0                DMA1_S2_IRQ_handler
                0x0000000008001ac0                EXTI4_IRQ_handler
                0x0000000008001ac0                ADC_IRQ_handler
                0x0000000008001ac0                MMF_handler
                0x0000000008001ac0                DMA1_S7_IRQ_handler
                0x0000000008001ac0                EXTI1_IRQ_handler
                0x0000000008001ac0                SVC_handler
                0x0000000008001ac0                SYSTick_handler
                0x0000000008001ac0                TIM5_IRQ_handler
                0x0000000008001ac0                DMA2_S6_IRQ_handler
                0x0000000008001ac0                TAMP_IRQ_handler
                0x0000000008001ac0                TIM2_IRQ_handler
                0x0000000008001ac0                DMA2_S3_IRQ_handler
                0x0000000008001ac0                USART6_IRQ_handler
                0x0000000008001ac0                hard_handler
                0x0000000008001ac0                TIM1_UP_IRQ_handler
                0x0000000008001ac0                DMA2_S2_IRQ_handler
                0x0000000008001ac0                DMA1_S6_IRQ_handler
                0x0000000008001ac0                FPU_IRQ_handler
                0x0000000008001ac0                I2C1_ER_IRQ_handler
                0x0000000008001ac0                EXTI2_IRQ_handler
                0x0000000008001ac0                EXTI3_IRQ_handler
                0x0000000008001ac0                DMA1_S3_IRQ_handler
                0x0000000008001ac0                RCC_IRQ_handler
                0x0000000008001ac0                DMA1_S1_IRQ_handler
                0x0000000008001ac0                SPI2_IRQ_handler
                0x0000000008001ac0                DMA1_S4_IRQ_handler
                0x0000000008001ac0                EXTI15_IRQ_handler
                0x0000000008001ac0                EXTI0_IRQ_handler
                0x0000000008001ac0                DMA2_S7_IRQ_handler
                0x0000000008001ac0                bus_handler
                0x0000000008001ac0                USART2_IRQ_handler
                0x0000000008001ac0                TIM1_BR_IRQ_handler
                0x0000000008001ac0                SPI3_IRQ_handler
                0x0000000008001ac0                SDIO_IRQ_handler
                0x0000000008001ac0                TIM1_TC_IRQ_handler
                0x0000000008001ac0                OTG_WKUP_IRQ_handler
                0x0000000008001ac0                flash_IRQ_handler
                0x0000000008001ac0                SPI4_IRQ_handler
                0x0000000008001ac4                . = ALIGN (0x4)
 *fill*         0x0000000008001ac2        0x2 

.glue_7         0x0000000008001ac4        0x0
 .glue_7        0x0000000008001ac4        0x0 linker stubs

.glue_7t        0x0000000008001ac4        0x0
 .glue_7t       0x0000000008001ac4        0x0 linker stubs

.vfp11_veneer   0x0000000008001ac4        0x0
 .vfp11_veneer  0x0000000008001ac4        0x0 linker stubs

.v4_bx          0x0000000008001ac4        0x0
 .v4_bx         0x0000000008001ac4        0x0 linker stubs

.iplt           0x0000000008001ac4        0x0
 .iplt          0x0000000008001ac4        0x0 p2_vtable.o

.rel.dyn        0x0000000008001ac4        0x0
 .rel.iplt      0x0000000008001ac4        0x0 p2_vtable.o

.rodata         0x0000000008001ac4        0x0
                0x0000000008001ac4                . = ALIGN (0x4)
 *(.rodata)
 *(.rodata*)
                0x0000000008001ac4                . = ALIGN (0x4)
                0x0000000008001ac4                _sidata = .

.data           0x0000000020000000        0xc load address 0x0000000008001ac4
                0x0000000020000000                . = ALIGN (0x4)
                0x0000000020000000                _sdata = .
 *(.data)
 .data          0x0000000020000000        0xc timer/timer_pre.o
 *(.data*)
                0x000000002000000c                _edata = .
                0x000000002000000c                . = ALIGN (0x4)

.igot.plt       0x000000002000000c        0x0 load address 0x0000000008001ad0
 .igot.plt      0x000000002000000c        0x0 p2_vtable.o

.bss            0x0000000020000010       0x30 load address 0x0000000008001ad8
                0x0000000020000010                . = ALIGN (0x4)
                0x0000000020000010                _sbss = .
 *(.bss)
 .bss           0x0000000020000010       0x14 io/gpio.o
                0x0000000020000010                GPIO::counts
 *fill*         0x0000000020000024        0x4 
 .bss           0x0000000020000028       0x10 timer/timer_pre.o
 .bss           0x0000000020000038        0x5 math/rand.o
 *(.bss*)
 *(COMMON)
                0x0000000020000040                . = ALIGN (0x4)
 *fill*         0x000000002000003d        0x3 
                0x0000000020000040                _ebss = .

.dynamic_allocations
                0x0000000020000040      0x400 load address 0x0000000008001b08
                0x0000000020000040                . = ALIGN (0x4)
                0x0000000020000040                _ssystem_ram = .
                0x0000000020000440                . = (. + _Min_Leftover_RAM)
 *fill*         0x0000000020000040      0x400 
                0x0000000020000440                . = ALIGN (0x4)
                0x0000000020000440                _esystem_ram = .
OUTPUT(main.elf elf32-littlearm)

.ARM.attributes
                0x0000000000000000       0x2f
 .ARM.attributes
                0x0000000000000000       0x21 p2_vtable.o
 .ARM.attributes
                0x0000000000000021       0x33 io/gpio.o
 .ARM.attributes
                0x0000000000000054       0x33 io/io.o
 .ARM.attributes
                0x0000000000000087       0x33 timer/timer_pre.o
 .ARM.attributes
                0x00000000000000ba       0x33 timer/timer_enable.o
 .ARM.attributes
                0x00000000000000ed       0x33 math/rand.o
 .ARM.attributes
                0x0000000000000120       0x33 math/algebra.o
 .ARM.attributes
                0x0000000000000153       0x33 setup.o
 .ARM.attributes
                0x0000000000000186       0x33 main.o
 .ARM.attributes
                0x00000000000001b9       0x1e /usr/lib/gcc/arm-none-eabi/6.3.1/thumb/v7e-m/libgcc.a(_arm_addsubdf3.o)
 .ARM.attributes
                0x00000000000001d7       0x1e /usr/lib/gcc/arm-none-eabi/6.3.1/thumb/v7e-m/libgcc.a(_arm_muldivdf3.o)
 .ARM.attributes
                0x00000000000001f5       0x1e /usr/lib/gcc/arm-none-eabi/6.3.1/thumb/v7e-m/libgcc.a(_arm_cmpdf2.o)
 .ARM.attributes
                0x0000000000000213       0x1e /usr/lib/gcc/arm-none-eabi/6.3.1/thumb/v7e-m/libgcc.a(_arm_fixunsdfsi.o)

.comment        0x0000000000000000       0x31
 .comment       0x0000000000000000       0x31 io/gpio.o
                                         0x32 (size before relaxing)
 .comment       0x0000000000000031       0x32 io/io.o
 .comment       0x0000000000000031       0x32 timer/timer_pre.o
 .comment       0x0000000000000031       0x32 timer/timer_enable.o
 .comment       0x0000000000000031       0x32 math/rand.o
 .comment       0x0000000000000031       0x32 math/algebra.o
 .comment       0x0000000000000031       0x32 setup.o
 .comment       0x0000000000000031       0x32 main.o

.debug_info     0x0000000000000000     0x1b6d
 .debug_info    0x0000000000000000      0x651 io/gpio.o
 .debug_info    0x0000000000000651      0x19c io/io.o
 .debug_info    0x00000000000007ed      0x684 timer/timer_pre.o
 .debug_info    0x0000000000000e71      0x12f timer/timer_enable.o
 .debug_info    0x0000000000000fa0       0xe5 math/rand.o
 .debug_info    0x0000000000001085       0xc3 math/algebra.o
 .debug_info    0x0000000000001148      0x194 setup.o
 .debug_info    0x00000000000012dc      0x58d main.o
 .debug_info    0x0000000000001869       0xc1 /usr/lib/gcc/arm-none-eabi/6.3.1/thumb/v7e-m/libgcc.a(_arm_addsubdf3.o)
 .debug_info    0x000000000000192a       0xc1 /usr/lib/gcc/arm-none-eabi/6.3.1/thumb/v7e-m/libgcc.a(_arm_muldivdf3.o)
 .debug_info    0x00000000000019eb       0xc1 /usr/lib/gcc/arm-none-eabi/6.3.1/thumb/v7e-m/libgcc.a(_arm_cmpdf2.o)
 .debug_info    0x0000000000001aac       0xc1 /usr/lib/gcc/arm-none-eabi/6.3.1/thumb/v7e-m/libgcc.a(_arm_fixunsdfsi.o)

.debug_abbrev   0x0000000000000000      0x8c8
 .debug_abbrev  0x0000000000000000      0x219 io/gpio.o
 .debug_abbrev  0x0000000000000219       0xba io/io.o
 .debug_abbrev  0x00000000000002d3      0x192 timer/timer_pre.o
 .debug_abbrev  0x0000000000000465       0xb1 timer/timer_enable.o
 .debug_abbrev  0x0000000000000516       0x96 math/rand.o
 .debug_abbrev  0x00000000000005ac       0x6b math/algebra.o
 .debug_abbrev  0x0000000000000617       0xb0 setup.o
 .debug_abbrev  0x00000000000006c7      0x1b1 main.o
 .debug_abbrev  0x0000000000000878       0x14 /usr/lib/gcc/arm-none-eabi/6.3.1/thumb/v7e-m/libgcc.a(_arm_addsubdf3.o)
 .debug_abbrev  0x000000000000088c       0x14 /usr/lib/gcc/arm-none-eabi/6.3.1/thumb/v7e-m/libgcc.a(_arm_muldivdf3.o)
 .debug_abbrev  0x00000000000008a0       0x14 /usr/lib/gcc/arm-none-eabi/6.3.1/thumb/v7e-m/libgcc.a(_arm_cmpdf2.o)
 .debug_abbrev  0x00000000000008b4       0x14 /usr/lib/gcc/arm-none-eabi/6.3.1/thumb/v7e-m/libgcc.a(_arm_fixunsdfsi.o)

.debug_aranges  0x0000000000000000      0x180
 .debug_aranges
                0x0000000000000000       0x20 io/gpio.o
 .debug_aranges
                0x0000000000000020       0x20 io/io.o
 .debug_aranges
                0x0000000000000040       0x20 timer/timer_pre.o
 .debug_aranges
                0x0000000000000060       0x20 timer/timer_enable.o
 .debug_aranges
                0x0000000000000080       0x20 math/rand.o
 .debug_aranges
                0x00000000000000a0       0x20 math/algebra.o
 .debug_aranges
                0x00000000000000c0       0x20 setup.o
 .debug_aranges
                0x00000000000000e0       0x20 main.o
 .debug_aranges
                0x0000000000000100       0x20 /usr/lib/gcc/arm-none-eabi/6.3.1/thumb/v7e-m/libgcc.a(_arm_addsubdf3.o)
 .debug_aranges
                0x0000000000000120       0x20 /usr/lib/gcc/arm-none-eabi/6.3.1/thumb/v7e-m/libgcc.a(_arm_muldivdf3.o)
 .debug_aranges
                0x0000000000000140       0x20 /usr/lib/gcc/arm-none-eabi/6.3.1/thumb/v7e-m/libgcc.a(_arm_cmpdf2.o)
 .debug_aranges
                0x0000000000000160       0x20 /usr/lib/gcc/arm-none-eabi/6.3.1/thumb/v7e-m/libgcc.a(_arm_fixunsdfsi.o)

.debug_line     0x0000000000000000      0xbd8
 .debug_line    0x0000000000000000       0xd7 io/gpio.o
 .debug_line    0x00000000000000d7       0x99 io/io.o
 .debug_line    0x0000000000000170      0x109 timer/timer_pre.o
 .debug_line    0x0000000000000279       0xb3 timer/timer_enable.o
 .debug_line    0x000000000000032c       0x99 math/rand.o
 .debug_line    0x00000000000003c5       0x54 math/algebra.o
 .debug_line    0x0000000000000419       0xd9 setup.o
 .debug_line    0x00000000000004f2      0x290 main.o
 .debug_line    0x0000000000000782      0x183 /usr/lib/gcc/arm-none-eabi/6.3.1/thumb/v7e-m/libgcc.a(_arm_addsubdf3.o)
 .debug_line    0x0000000000000905      0x19f /usr/lib/gcc/arm-none-eabi/6.3.1/thumb/v7e-m/libgcc.a(_arm_muldivdf3.o)
 .debug_line    0x0000000000000aa4       0xbe /usr/lib/gcc/arm-none-eabi/6.3.1/thumb/v7e-m/libgcc.a(_arm_cmpdf2.o)
 .debug_line    0x0000000000000b62       0x76 /usr/lib/gcc/arm-none-eabi/6.3.1/thumb/v7e-m/libgcc.a(_arm_fixunsdfsi.o)

.debug_str      0x0000000000000000      0x795
 .debug_str     0x0000000000000000      0x342 io/gpio.o
                                        0x445 (size before relaxing)
 .debug_str     0x0000000000000342       0x42 io/io.o
                                        0x154 (size before relaxing)
 .debug_str     0x0000000000000384      0x21c timer/timer_pre.o
                                        0x348 (size before relaxing)
 .debug_str     0x00000000000005a0       0x72 timer/timer_enable.o
                                        0x1a8 (size before relaxing)
 .debug_str     0x0000000000000612       0x4c math/rand.o
                                        0x154 (size before relaxing)
 .debug_str     0x000000000000065e       0x2c math/algebra.o
                                        0x128 (size before relaxing)
 .debug_str     0x000000000000068a       0x83 setup.o
                                        0x17a (size before relaxing)
 .debug_str     0x000000000000070d       0x88 main.o
                                        0x46f (size before relaxing)

.debug_frame    0x0000000000000000      0x7e8
 .debug_frame   0x0000000000000000      0x130 io/gpio.o
 .debug_frame   0x0000000000000130       0x84 io/io.o
 .debug_frame   0x00000000000001b4      0x2a4 timer/timer_pre.o
 .debug_frame   0x0000000000000458       0x58 timer/timer_enable.o
 .debug_frame   0x00000000000004b0       0x58 math/rand.o
 .debug_frame   0x0000000000000508       0x60 math/algebra.o
 .debug_frame   0x0000000000000568       0x34 setup.o
 .debug_frame   0x000000000000059c       0x68 main.o
 .debug_frame   0x0000000000000604       0xac /usr/lib/gcc/arm-none-eabi/6.3.1/thumb/v7e-m/libgcc.a(_arm_addsubdf3.o)
 .debug_frame   0x00000000000006b0       0x50 /usr/lib/gcc/arm-none-eabi/6.3.1/thumb/v7e-m/libgcc.a(_arm_muldivdf3.o)
 .debug_frame   0x0000000000000700       0xc4 /usr/lib/gcc/arm-none-eabi/6.3.1/thumb/v7e-m/libgcc.a(_arm_cmpdf2.o)
 .debug_frame   0x00000000000007c4       0x24 /usr/lib/gcc/arm-none-eabi/6.3.1/thumb/v7e-m/libgcc.a(_arm_fixunsdfsi.o)

.debug_ranges   0x0000000000000000       0x30
 .debug_ranges  0x0000000000000000       0x30 main.o
